// Jest Snapshot v1, https://goo.gl/fbAQLP

exports[`MailLink renders 1`] = `
<styled.a
  href="#"
  onClick={[Function]}
/>
`;
