// Jest Snapshot v1, https://goo.gl/fbAQLP

exports[`Typewriter renders 1`] = `
.c2 {
  color: #000000;
  -webkit-text-decoration: underline;
  text-decoration: underline;
  cursor: pointer;
  -webkit-transition: color 0.5s ease;
  transition: color 0.5s ease;
}

.c2:hover {
  color: #c9282d;
}

.c1 {
  float: right;
  display: -webkit-box;
  display: -webkit-flex;
  display: -ms-flexbox;
  display: flex;
}

.c3 {
  font-size: 12px;
  padding-left: 6px;
  -webkit-animation: blink 0.5s linear infinite alternate;
  animation: blink 0.5s linear infinite alternate;
}

.c4 {
  opacity: 0.06;
}

.c0 {
  display: contents;
}

<div
  class="c0"
>
  <div
    class="c1"
  >
    <a
      aria-label="volume"
      class="c2"
    >
      <svg
        aria-hidden="true"
        class="svg-inline--fa fa-volume-mute fa-w-16 "
        data-icon="volume-mute"
        data-prefix="fas"
        focusable="false"
        role="img"
        viewBox="0 0 512 512"
        xmlns="http://www.w3.org/2000/svg"
      >
        <path
          d="M215.03 71.05L126.06 160H24c-13.26 0-24 10.74-24 24v144c0 13.25 10.74 24 24 24h102.06l88.97 88.95c15.03 15.03 40.97 4.47 40.97-16.97V88.02c0-21.46-25.96-31.98-40.97-16.97zM461.64 256l45.64-45.64c6.3-6.3 6.3-16.52 0-22.82l-22.82-22.82c-6.3-6.3-16.52-6.3-22.82 0L416 210.36l-45.64-45.64c-6.3-6.3-16.52-6.3-22.82 0l-22.82 22.82c-6.3 6.3-6.3 16.52 0 22.82L370.36 256l-45.63 45.63c-6.3 6.3-6.3 16.52 0 22.82l22.82 22.82c6.3 6.3 16.52 6.3 22.82 0L416 301.64l45.64 45.64c6.3 6.3 16.52 6.3 22.82 0l22.82-22.82c6.3-6.3 6.3-16.52 0-22.82L461.64 256z"
          fill="currentColor"
        />
      </svg>
    </a>
    <a
      aria-label="play"
      class="c2 c3"
    >
      <svg
        aria-hidden="true"
        class="svg-inline--fa fa-play fa-w-14 "
        data-icon="play"
        data-prefix="fas"
        focusable="false"
        role="img"
        viewBox="0 0 448 512"
        xmlns="http://www.w3.org/2000/svg"
      >
        <path
          d="M424.4 214.7L72.4 6.6C43.8-10.3 0 6.1 0 47.9V464c0 37.5 40.7 60.1 72.4 41.3l352-208c31.4-18.5 31.5-64.1 0-82.6z"
          fill="currentColor"
        />
      </svg>
    </a>
  </div>
  <p>
    
    <span
      class="c4"
      opacity="0.06"
    >
      Hello
    </span>
  </p>
  <p>
    <span
      class="c4"
      opacity="0.06"
    >
      World
    </span>
  </p>
</div>
`;
