// Jest Snapshot v1, https://goo.gl/fbAQLP

exports[`App renders 1`] = `
<AppProvider>
  <Background />
  <styled.div>
    <Envelope />
    <Letter />
  </styled.div>
</AppProvider>
`;
