// Jest Snapshot v1, https://goo.gl/fbAQLP

exports[`Envelope renders 1`] = `
.c0 {
  border-bottom: 60px solid #333333;
  border-left: 50px solid transparent;
  border-right: 50px solid transparent;
}

<div
  class="c0"
/>
`;
